gplink-1.4.0 #1107 (Jan  1 2021)
Copyright (c) 1998-2014 gputils project
Listing File Generated: 4-3-2024  22:40:45
 
 
Address  Value    Disassembly              Source
-------  -----    -----------              ------
                                           ;--------------------------------------------------------
                                           ; File Created by SDCC : free open source ANSI-C Compiler
                                           ; Version 4.0.0 #11528 (Linux)
                                           ;--------------------------------------------------------
                                           ; PIC port for the 14-bit core
                                           ;--------------------------------------------------------
                                           ;	.file	"dado.c"
                                           	list	p=12f675
                                           	radix dec
                                           	include "p12f675.inc"
                                                   LIST
                                           
                                           ;==========================================================================
                                           ; Build date : Aug 07 2014
                                           ;  MPASM PIC12F675 processor include
                                           ; 
                                           ;  (c) Copyright 1999-2014 Microchip Technology, All rights reserved
                                           ;==========================================================================
                                           
                                                   NOLIST
                                           ;--------------------------------------------------------
                                           ; config word(s)
                                           ;--------------------------------------------------------
002007   3ff7     addlw   0xf7             	__config 0x3ff7
                                           ;--------------------------------------------------------
                                           ; external declarations
                                           ;--------------------------------------------------------
                                           	extern	__moduint
                                           	extern	_ANSEL
                                           	extern	_ADRESL
                                           	extern	_TRISIO
                                           	extern	_ADRESH
                                           	extern	_CMCON
                                           	extern	_GPIO
                                           	extern	_ADCON0bits
                                           	extern	__sdcc_gsinit_startup
                                           ;--------------------------------------------------------
                                           ; global declarations
                                           ;--------------------------------------------------------
                                           	global	_main
                                           	global	_setupIO
                                           	global	_setupADC
                                           	global	_leerADC
                                           	global	_mostrarDado
                                           
                                           	global PSAVE
                                           	global SSAVE
                                           	global WSAVE
                                           	global STK12
                                           	global STK11
                                           	global STK10
                                           	global STK09
                                           	global STK08
                                           	global STK07
                                           	global STK06
                                           	global STK05
                                           	global STK04
                                           	global STK03
                                           	global STK02
                                           	global STK01
                                           	global STK00
                                           
                                           sharebank udata_ovr 0x0020
                                           PSAVE	res 1
                                           SSAVE	res 1
                                           WSAVE	res 1
                                           STK12	res 1
                                           STK11	res 1
                                           STK10	res 1
                                           STK09	res 1
                                           STK08	res 1
                                           STK07	res 1
                                           STK06	res 1
                                           STK05	res 1
                                           STK04	res 1
                                           STK03	res 1
                                           STK02	res 1
                                           STK01	res 1
                                           STK00	res 1
                                           
                                           ;--------------------------------------------------------
                                           ; global definitions
                                           ;--------------------------------------------------------
                                           ;--------------------------------------------------------
                                           ; absolute symbol definitions
                                           ;--------------------------------------------------------
                                           ;--------------------------------------------------------
                                           ; compiler-defined variables
                                           ;--------------------------------------------------------
                                           UDL_dado_0	udata
                                           r0x1007	res	1
                                           r0x1006	res	1
                                           r0x1002	res	1
                                           r0x1003	res	1
                                           r0x1005	res	1
                                           r0x1004	res	1
                                           r0x1001	res	1
                                           r0x1000	res	1
                                           ;--------------------------------------------------------
                                           ; initialized data
                                           ;--------------------------------------------------------
                                           ;--------------------------------------------------------
                                           ; initialized absolute data
                                           ;--------------------------------------------------------
                                           ;--------------------------------------------------------
                                           ; overlayable items in internal ram 
                                           ;--------------------------------------------------------
                                           ;	udata_ovr
                                           ;--------------------------------------------------------
                                           ; reset vector 
                                           ;--------------------------------------------------------
                                           STARTUP	code 0x0000
000000   0000     nop                      	nop
                                           	pagesel __sdcc_gsinit_startup
000001   2802     goto    0x0002           	goto	__sdcc_gsinit_startup
                                           ;--------------------------------------------------------
                                           ; code
                                           ;--------------------------------------------------------
                                           code_dado	code
                                           ;***
                                           ;  pBlock Stats: dbName = M
                                           ;***
                                           ;has an exit
                                           ;functions called:
                                           ;   _setupIO
                                           ;   _setupADC
                                           ;   _leerADC
                                           ;   __moduint
                                           ;   _mostrarDado
                                           ;   _setupIO
                                           ;   _setupADC
                                           ;   _leerADC
                                           ;   __moduint
                                           ;   _mostrarDado
                                           ;5 compiler assigned registers:
                                           ;   r0x1006
                                           ;   STK00
                                           ;   r0x1007
                                           ;   STK02
                                           ;   STK01
                                           ;; Starting pCode block
                                           S_dado__main	code
                                           _main:
                                           ; 2 exit points
                                           ;	.line	81; "dado.c"	setupIO();
                                           	PAGESEL	_setupIO
000158   2193     call    0x0193           	CALL	_setupIO
                                           	PAGESEL	$
                                           ;	.line	82; "dado.c"	setupADC();
                                           	PAGESEL	_setupADC
000159   218a     call    0x018a           	CALL	_setupADC
                                           	PAGESEL	$
                                           ;	.line	85; "dado.c"	unsigned int num_dado = (leerADC() % 6) + 1;
                                           	PAGESEL	_leerADC
00015a   2172     call    0x0172           	CALL	_leerADC
                                           	PAGESEL	$
00015b   00bd     movwf   0x3d             	MOVWF	r0x1006
00015c   082f     movf    0x2f, 0x0        	MOVF	STK00,W
00015d   00bc     movwf   0x3c             	MOVWF	r0x1007
00015e   3006     movlw   0x06             	MOVLW	0x06
00015f   00ad     movwf   0x2d             	MOVWF	STK02
000160   3000     movlw   0x00             	MOVLW	0x00
000161   00ae     movwf   0x2e             	MOVWF	STK01
000162   083c     movf    0x3c, 0x0        	MOVF	r0x1007,W
000163   00af     movwf   0x2f             	MOVWF	STK00
000164   083d     movf    0x3d, 0x0        	MOVF	r0x1006,W
                                           	PAGESEL	__moduint
000165   209e     call    0x009e           	CALL	__moduint
                                           	PAGESEL	$
000166   00bd     movwf   0x3d             	MOVWF	r0x1006
000167   082f     movf    0x2f, 0x0        	MOVF	STK00,W
000168   00bc     movwf   0x3c             	MOVWF	r0x1007
000169   0abc     incf    0x3c, 0x1        	INCF	r0x1007,F
00016a   1903     btfsc   0x03, 0x2        	BTFSC	STATUS,2
00016b   0abd     incf    0x3d, 0x1        	INCF	r0x1006,F
                                           _00106_DS_:
                                           ;	.line	89; "dado.c"	mostrarDado(num_dado);
00016c   083c     movf    0x3c, 0x0        	MOVF	r0x1007,W
00016d   00af     movwf   0x2f             	MOVWF	STK00
00016e   083d     movf    0x3d, 0x0        	MOVF	r0x1006,W
                                           	PAGESEL	_mostrarDado
00016f   20eb     call    0x00eb           	CALL	_mostrarDado
                                           	PAGESEL	$
000170   296c     goto    0x016c           	GOTO	_00106_DS_
                                           ;	.line	91; "dado.c"	}
000171   0008     return                   	RETURN	
                                           ; exit point of _main
                                           
                                           ;***
                                           ;  pBlock Stats: dbName = C
                                           ;***
                                           ;has an exit
                                           ;3 compiler assigned registers:
                                           ;   r0x1000
                                           ;   STK00
                                           ;   r0x1001
                                           ;; Starting pCode block
                                           S_dado__mostrarDado	code
                                           _mostrarDado:
                                           ; 2 exit points
                                           ;	.line	116; "dado.c"	void mostrarDado(unsigned int num_dado)
0000eb   00c3     movwf   0x43             	MOVWF	r0x1000
0000ec   082f     movf    0x2f, 0x0        	MOVF	STK00,W
0000ed   00c2     movwf   0x42             	MOVWF	r0x1001
                                           ;;unsigned compare: left < lit(0x1=1), size=2
                                           ;	.line	118; "dado.c"	switch (num_dado)
0000ee   3000     movlw   0x00             	MOVLW	0x00
0000ef   0243     subwf   0x43, 0x0        	SUBWF	r0x1000,W
0000f0   1d03     btfss   0x03, 0x2        	BTFSS	STATUS,2
0000f1   28f4     goto    0x00f4           	GOTO	_00141_DS_
0000f2   3001     movlw   0x01             	MOVLW	0x01
0000f3   0242     subwf   0x42, 0x0        	SUBWF	r0x1001,W
                                           _00141_DS_:
0000f4   1c03     btfss   0x03, 0x0        	BTFSS	STATUS,0
0000f5   2923     goto    0x0123           	GOTO	_00131_DS_
                                           ;;genSkipc:3307: created from rifx:0x7ffc22d955e0
                                           ;;swapping arguments (AOP_TYPEs 1/2)
                                           ;;unsigned compare: left >= lit(0x7=7), size=2
0000f6   3000     movlw   0x00             	MOVLW	0x00
0000f7   0243     subwf   0x43, 0x0        	SUBWF	r0x1000,W
0000f8   1d03     btfss   0x03, 0x2        	BTFSS	STATUS,2
0000f9   28fc     goto    0x00fc           	GOTO	_00142_DS_
0000fa   3007     movlw   0x07             	MOVLW	0x07
0000fb   0242     subwf   0x42, 0x0        	SUBWF	r0x1001,W
                                           _00142_DS_:
0000fc   1803     btfsc   0x03, 0x0        	BTFSC	STATUS,0
0000fd   2923     goto    0x0123           	GOTO	_00131_DS_
                                           ;;genSkipc:3307: created from rifx:0x7ffc22d955e0
0000fe   03c2     decf    0x42, 0x1        	DECF	r0x1001,F
0000ff   3001     movlw   0x01             	MOVLW	HIGH(_00143_DS_)
000100   008a     movwf   0x0a             	MOVWF	PCLATH
000101   3006     movlw   0x06             	MOVLW	_00143_DS_
000102   0742     addwf   0x42, 0x0        	ADDWF	r0x1001,W
000103   1803     btfsc   0x03, 0x0        	BTFSC	STATUS,0
000104   0a8a     incf    0x0a, 0x1        	INCF	PCLATH,F
000105   0082     movwf   0x02             	MOVWF	PCL
                                           _00143_DS_:
000106   290c     goto    0x010c           	GOTO	_00124_DS_
000107   2910     goto    0x0110           	GOTO	_00125_DS_
000108   2914     goto    0x0114           	GOTO	_00126_DS_
000109   2918     goto    0x0118           	GOTO	_00127_DS_
00010a   291c     goto    0x011c           	GOTO	_00128_DS_
00010b   2920     goto    0x0120           	GOTO	_00129_DS_
                                           _00124_DS_:
                                           ;	.line	121; "dado.c"	GPIO = 0x20;    
00010c   3020     movlw   0x20             	MOVLW	0x20
00010d   1283     bcf     0x03, 0x5        	BANKSEL	_GPIO
00010e   0085     movwf   0x05             	MOVWF	_GPIO
                                           ;	.line	122; "dado.c"	break;
00010f   2923     goto    0x0123           	GOTO	_00131_DS_
                                           _00125_DS_:
                                           ;	.line	124; "dado.c"	GPIO = 0x04;    
000110   3004     movlw   0x04             	MOVLW	0x04
000111   1283     bcf     0x03, 0x5        	BANKSEL	_GPIO
000112   0085     movwf   0x05             	MOVWF	_GPIO
                                           ;	.line	125; "dado.c"	break;
000113   2923     goto    0x0123           	GOTO	_00131_DS_
                                           _00126_DS_:
                                           ;	.line	127; "dado.c"	GPIO = 0x30;   
000114   3030     movlw   0x30             	MOVLW	0x30
000115   1283     bcf     0x03, 0x5        	BANKSEL	_GPIO
000116   0085     movwf   0x05             	MOVWF	_GPIO
                                           ;	.line	128; "dado.c"	break;
000117   2923     goto    0x0123           	GOTO	_00131_DS_
                                           _00127_DS_:
                                           ;	.line	130; "dado.c"	GPIO = 0x12;  
000118   3012     movlw   0x12             	MOVLW	0x12
000119   1283     bcf     0x03, 0x5        	BANKSEL	_GPIO
00011a   0085     movwf   0x05             	MOVWF	_GPIO
                                           ;	.line	131; "dado.c"	break;
00011b   2923     goto    0x0123           	GOTO	_00131_DS_
                                           _00128_DS_:
                                           ;	.line	133; "dado.c"	GPIO = 0x32; 
00011c   3032     movlw   0x32             	MOVLW	0x32
00011d   1283     bcf     0x03, 0x5        	BANKSEL	_GPIO
00011e   0085     movwf   0x05             	MOVWF	_GPIO
                                           ;	.line	134; "dado.c"	break;
00011f   2923     goto    0x0123           	GOTO	_00131_DS_
                                           _00129_DS_:
                                           ;	.line	136; "dado.c"	GPIO = 0x16;
000120   3016     movlw   0x16             	MOVLW	0x16
000121   1283     bcf     0x03, 0x5        	BANKSEL	_GPIO
000122   0085     movwf   0x05             	MOVWF	_GPIO
                                           _00131_DS_:
                                           ;	.line	139; "dado.c"	}
000123   0008     return                   	RETURN	
                                           ; exit point of _mostrarDado
                                           
                                           ;***
                                           ;  pBlock Stats: dbName = C
                                           ;***
                                           ;has an exit
                                           ;5 compiler assigned registers:
                                           ;   r0x1002
                                           ;   r0x1003
                                           ;   r0x1004
                                           ;   r0x1005
                                           ;   STK00
                                           ;; Starting pCode block
                                           S_dado__leerADC	code
                                           _leerADC:
                                           ; 2 exit points
                                           ;	.line	110; "dado.c"	GO_DONE = 1;    
000172   1283     bcf     0x03, 0x5        	BANKSEL	_ADCON0bits
000173   149f     bsf     0x1f, 0x1        	BSF	_ADCON0bits,1
                                           _00119_DS_:
                                           ;	.line	111; "dado.c"	while (GO_DONE) // esperar a que la conversión ADC termine
000174   1283     bcf     0x03, 0x5        	BANKSEL	_ADCON0bits
000175   189f     btfsc   0x1f, 0x1        	BTFSC	_ADCON0bits,1
000176   2974     goto    0x0174           	GOTO	_00119_DS_
                                           ;	.line	113; "dado.c"	return (ADRESH<<8) + ADRESL;  
000177   081e     movf    0x1e, 0x0        	MOVF	_ADRESH,W
000178   00c1     movwf   0x41             	MOVWF	r0x1004
000179   00be     movwf   0x3e             	MOVWF	r0x1002
00017a   01bf     clrf    0x3f             	CLRF	r0x1003
                                           ;;99	MOVF	r0x1002,W
00017b   01c0     clrf    0x40             	CLRF	r0x1005
00017c   1683     bsf     0x03, 0x5        	BANKSEL	_ADRESL
00017d   081e     movf    0x1e, 0x0        	MOVF	_ADRESL,W
00017e   00be     movwf   0x3e             	MOVWF	r0x1002
00017f   01bf     clrf    0x3f             	CLRF	r0x1003
000180   083e     movf    0x3e, 0x0        	MOVF	r0x1002,W
000181   07c0     addwf   0x40, 0x1        	ADDWF	r0x1005,F
000182   3000     movlw   0x00             	MOVLW	0x00
000183   1803     btfsc   0x03, 0x0        	BTFSC	STATUS,0
000184   0f3f     incfsz  0x3f, 0x0        	INCFSZ	r0x1003,W
000185   07c1     addwf   0x41, 0x1        	ADDWF	r0x1004,F
000186   0840     movf    0x40, 0x0        	MOVF	r0x1005,W
000187   00af     movwf   0x2f             	MOVWF	STK00
000188   0841     movf    0x41, 0x0        	MOVF	r0x1004,W
                                           ;	.line	114; "dado.c"	}
000189   0008     return                   	RETURN	
                                           ; exit point of _leerADC
                                           
                                           ;***
                                           ;  pBlock Stats: dbName = C
                                           ;***
                                           ;has an exit
                                           ;; Starting pCode block
                                           S_dado__setupADC	code
                                           _setupADC:
                                           ; 2 exit points
                                           ;	.line	102; "dado.c"	ANSEL |= 0x70;  
00018a   3070     movlw   0x70             	MOVLW	0x70
00018b   1683     bsf     0x03, 0x5        	BANKSEL	_ANSEL
00018c   049f     iorwf   0x1f, 0x1        	IORWF	_ANSEL,F
                                           ;	.line	103; "dado.c"	CMCON |= 0x07;  
00018d   3007     movlw   0x07             	MOVLW	0x07
00018e   1283     bcf     0x03, 0x5        	BANKSEL	_CMCON
00018f   0499     iorwf   0x19, 0x1        	IORWF	_CMCON,F
                                           ;	.line	104; "dado.c"	ADFM = 1;       
000190   179f     bsf     0x1f, 0x7        	BSF	_ADCON0bits,7
                                           ;	.line	105; "dado.c"	ADON = 1;       
000191   141f     bsf     0x1f, 0x0        	BSF	_ADCON0bits,0
                                           ;	.line	106; "dado.c"	}
000192   0008     return                   	RETURN	
                                           ; exit point of _setupADC
                                           
                                           ;***
                                           ;  pBlock Stats: dbName = C
                                           ;***
                                           ;has an exit
                                           ;; Starting pCode block
                                           S_dado__setupIO	code
                                           _setupIO:
                                           ; 2 exit points
                                           ;	.line	95; "dado.c"	TRISIO &= 0x09; 
000193   3009     movlw   0x09             	MOVLW	0x09
000194   1683     bsf     0x03, 0x5        	BANKSEL	_TRISIO
000195   0585     andwf   0x05, 0x1        	ANDWF	_TRISIO,F
                                           ;	.line	96; "dado.c"	ANSEL &= 0x71;  
000196   3071     movlw   0x71             	MOVLW	0x71
000197   059f     andwf   0x1f, 0x1        	ANDWF	_ANSEL,F
                                           ;	.line	97; "dado.c"	GPIO &= 0x08;   
000198   3008     movlw   0x08             	MOVLW	0x08
000199   1283     bcf     0x03, 0x5        	BANKSEL	_GPIO
00019a   0585     andwf   0x05, 0x1        	ANDWF	_GPIO,F
                                           ;	.line	98; "dado.c"	}
00019b   0008     return                   	RETURN	
                                           ; exit point of _setupIO
                                           
                                           
                                           ;	code size estimation:
                                           ;	  112+   23 =   135 instructions (  316 byte)
                                           
                                           	end
